Traceback (most recent call last):
  File "/Users/mo1/micromamba/envs/alive-env/lib/python3.10/site-packages/jupyter_cache/executors/utils.py", line 58, in single_nb_execution
    executenb(
  File "/Users/mo1/micromamba/envs/alive-env/lib/python3.10/site-packages/nbclient/client.py", line 1319, in execute
    return NotebookClient(nb=nb, resources=resources, km=km, **kwargs).execute()
  File "/Users/mo1/micromamba/envs/alive-env/lib/python3.10/site-packages/jupyter_core/utils/__init__.py", line 165, in wrapped
    return loop.run_until_complete(inner)
  File "/Users/mo1/micromamba/envs/alive-env/lib/python3.10/asyncio/base_events.py", line 649, in run_until_complete
    return future.result()
  File "/Users/mo1/micromamba/envs/alive-env/lib/python3.10/site-packages/nbclient/client.py", line 709, in async_execute
    await self.async_execute_cell(
  File "/Users/mo1/micromamba/envs/alive-env/lib/python3.10/site-packages/nbclient/client.py", line 1062, in async_execute_cell
    await self._check_raise_for_error(cell, cell_index, exec_reply)
  File "/Users/mo1/micromamba/envs/alive-env/lib/python3.10/site-packages/nbclient/client.py", line 918, in _check_raise_for_error
    raise CellExecutionError.from_cell_and_msg(cell, exec_reply_content)
nbclient.exceptions.CellExecutionError: An error occurred while executing the following cell:
------------------
# Create risk matrix figure
risk_matrix_fig = create_risk_matrix(df)

# Display figure inline
risk_matrix_fig
------------------


[0;31m---------------------------------------------------------------------------[0m
[0;31mKeyError[0m                                  Traceback (most recent call last)
Cell [0;32mIn[6], line 2[0m
[1;32m      1[0m [38;5;66;03m# Create risk matrix figure[39;00m
[0;32m----> 2[0m risk_matrix_fig [38;5;241m=[39m [43mcreate_risk_matrix[49m[43m([49m[43mdf[49m[43m)[49m
[1;32m      4[0m [38;5;66;03m# Display figure inline[39;00m
[1;32m      5[0m risk_matrix_fig

Cell [0;32mIn[4], line 24[0m, in [0;36mcreate_risk_matrix[0;34m(df, selected_industries, year)[0m
[1;32m     22[0m [38;5;66;03m# Create quadrant boundaries[39;00m
[1;32m     23[0m compliance_mid [38;5;241m=[39m [38;5;241m50[39m
[0;32m---> 24[0m penalty_mid [38;5;241m=[39m [43mfiltered_df[49m[43m[[49m[38;5;124;43m'[39;49m[38;5;124;43mLegal_Penalties[39;49m[38;5;124;43m'[39;49m[43m][49m[38;5;241m.[39mmedian()
[1;32m     26[0m [38;5;66;03m# Create the scatter plot[39;00m
[1;32m     27[0m fig [38;5;241m=[39m px[38;5;241m.[39mscatter(
[1;32m     28[0m     filtered_df,
[1;32m     29[0m     x[38;5;241m=[39m[38;5;124m'[39m[38;5;124mAlive_Compliance[39m[38;5;124m'[39m,
[0;32m   (...)[0m
[1;32m     48[0m     },
[1;32m     49[0m )

File [0;32m~/micromamba/envs/alive-env/lib/python3.10/site-packages/pandas/core/frame.py:4102[0m, in [0;36mDataFrame.__getitem__[0;34m(self, key)[0m
[1;32m   4100[0m [38;5;28;01mif[39;00m [38;5;28mself[39m[38;5;241m.[39mcolumns[38;5;241m.[39mnlevels [38;5;241m>[39m [38;5;241m1[39m:
[1;32m   4101[0m     [38;5;28;01mreturn[39;00m [38;5;28mself[39m[38;5;241m.[39m_getitem_multilevel(key)
[0;32m-> 4102[0m indexer [38;5;241m=[39m [38;5;28;43mself[39;49m[38;5;241;43m.[39;49m[43mcolumns[49m[38;5;241;43m.[39;49m[43mget_loc[49m[43m([49m[43mkey[49m[43m)[49m
[1;32m   4103[0m [38;5;28;01mif[39;00m is_integer(indexer):
[1;32m   4104[0m     indexer [38;5;241m=[39m [indexer]

File [0;32m~/micromamba/envs/alive-env/lib/python3.10/site-packages/pandas/core/indexes/range.py:417[0m, in [0;36mRangeIndex.get_loc[0;34m(self, key)[0m
[1;32m    415[0m         [38;5;28;01mraise[39;00m [38;5;167;01mKeyError[39;00m(key) [38;5;28;01mfrom[39;00m[38;5;250m [39m[38;5;21;01merr[39;00m
[1;32m    416[0m [38;5;28;01mif[39;00m [38;5;28misinstance[39m(key, Hashable):
[0;32m--> 417[0m     [38;5;28;01mraise[39;00m [38;5;167;01mKeyError[39;00m(key)
[1;32m    418[0m [38;5;28mself[39m[38;5;241m.[39m_check_indexing_error(key)
[1;32m    419[0m [38;5;28;01mraise[39;00m [38;5;167;01mKeyError[39;00m(key)

[0;31mKeyError[0m: 'Legal_Penalties'

